BL51 BANKED LINKER/LOCATER V6.22                                                        08/29/2023  12:10:45  PAGE 1


BL51 BANKED LINKER/LOCATER V6.22, INVOKED BY:
C:\KEIL_V5\C51\BIN\BL51.EXE .\Objects\dac.obj TO .\Objects\Test3 PRINT (.\Listings\Test3.m51) RAMSIZE (256)


MEMORY MODEL: SMALL


INPUT MODULES INCLUDED:
  .\Objects\dac.obj (DAC)
  C:\KEIL_V5\C51\LIB\C51S.LIB (?C_STARTUP)
  C:\KEIL_V5\C51\LIB\C51S.LIB (?C?COPY)


LINK MAP OF MODULE:  .\Objects\Test3 (DAC)


            TYPE    BASE      LENGTH    RELOCATION   SEGMENT NAME
            -----------------------------------------------------

            * * * * * * *   D A T A   M E M O R Y   * * * * * * *
            REG     0000H     0008H     ABSOLUTE     "REG BANK 0"
            DATA    0008H     000CH     UNIT         _DATA_GROUP_
            IDATA   0014H     0001H     UNIT         ?STACK

            * * * * * * *   C O D E   M E M O R Y   * * * * * * *
            CODE    0000H     0003H     ABSOLUTE     
                    0003H     07FDH                  *** GAP ***
            CODE    0800H     00F6H     UNIT         ?C?LIB_CODE
            CODE    08F6H     0022H     UNIT         ?PR?MAIN?DAC
            CODE    0918H     000CH     UNIT         ?CO?DAC
            CODE    0924H     000CH     UNIT         ?C_C51STARTUP



OVERLAY MAP OF MODULE:   .\Objects\Test3 (DAC)


SEGMENT                          DATA_GROUP 
  +--> CALLED SEGMENT          START    LENGTH
----------------------------------------------
?C_C51STARTUP                  -----    -----
  +--> ?PR?MAIN?DAC

?PR?MAIN?DAC                   0008H    000CH
  +--> ?CO?DAC



SYMBOL TABLE OF MODULE:  .\Objects\Test3 (DAC)

  VALUE           TYPE          NAME
  ----------------------------------

  -------         MODULE        DAC
  C:0000H         SYMBOL        _ICE_DUMMY_
  D:0090H         PUBLIC        P1
  C:08F6H         PUBLIC        main
  C:0918H         SYMBOL        _?ix1000
BL51 BANKED LINKER/LOCATER V6.22                                                      08/29/2023  12:10:45  PAGE 2


  -------         PROC          MAIN
  -------         DO            
  D:0008H         SYMBOL        sun
  D:0007H         SYMBOL        i
  -------         ENDDO         
  C:08F6H         LINE#         3
  C:08F6H         LINE#         4
  C:0909H         LINE#         6
  C:0909H         LINE#         7
  C:0909H         LINE#         9
  C:090BH         LINE#         10
  -------         ENDPROC       MAIN
  -------         ENDMOD        DAC

  -------         MODULE        ?C?COPY
  C:08D0H         PUBLIC        ?C?COPY
  -------         ENDMOD        ?C?COPY

******************************************************************************
* RESTRICTED VERSION WITH 0800H BYTE CODE SIZE LIMIT; USED: 002EH BYTE ( 2%) *
******************************************************************************

Program Size: data=21.0 xdata=0 code=307
LINK/LOCATE RUN COMPLETE.  0 WARNING(S),  0 ERROR(S)
