BL51 BANKED LINKER/LOCATER V6.22.4.0                                                    08/21/2023  20:33:06  PAGE 1


BL51 BANKED LINKER/LOCATER V6.22.4.0, INVOKED BY:
C:\KEIL_V5\C51\BIN\BL51.EXE .\Objects\ledblink.obj TO .\Objects\test2 PRINT (.\Listings\test2.m51) RAMSIZE (256)


MEMORY MODEL: SMALL


INPUT MODULES INCLUDED:
  .\Objects\ledblink.obj (LEDBLINK)
  C:\KEIL_V5\C51\LIB\C51S.LIB (?C_STARTUP)


LINK MAP OF MODULE:  .\Objects\test2 (LEDBLINK)


            TYPE    BASE      LENGTH    RELOCATION   SEGMENT NAME
            -----------------------------------------------------

            * * * * * * *   D A T A   M E M O R Y   * * * * * * *
            REG     0000H     0008H     ABSOLUTE     "REG BANK 0"
            IDATA   0008H     0001H     UNIT         ?STACK

            * * * * * * *   C O D E   M E M O R Y   * * * * * * *
            CODE    0000H     0003H     ABSOLUTE     
                    0003H     07FDH                  *** GAP ***
            CODE    0800H     0020H     UNIT         ?PR?_MSDELAY?LEDBLINK
            CODE    0820H     0012H     UNIT         ?PR?MAIN?LEDBLINK
            CODE    0832H     000CH     UNIT         ?C_C51STARTUP



OVERLAY MAP OF MODULE:   .\Objects\test2 (LEDBLINK)


SEGMENT
  +--> CALLED SEGMENT
---------------------
?C_C51STARTUP
  +--> ?PR?MAIN?LEDBLINK

?PR?MAIN?LEDBLINK
  +--> ?PR?_MSDELAY?LEDBLINK



SYMBOL TABLE OF MODULE:  .\Objects\test2 (LEDBLINK)

  VALUE           TYPE          NAME
  ----------------------------------

  -------         MODULE        LEDBLINK
  C:0000H         SYMBOL        _ICE_DUMMY_
  D:0090H         PUBLIC        P1
  C:0820H         PUBLIC        main
  C:0800H         PUBLIC        _msdelay
  -------         PROC          _MSDELAY
  D:0006H         SYMBOL        itime
  -------         DO            
BL51 BANKED LINKER/LOCATER V6.22.4.0                                                  08/21/2023  20:33:06  PAGE 2


  D:0004H         SYMBOL        i
  D:0002H         SYMBOL        j
  -------         ENDDO         
  C:0800H         LINE#         12
  C:0800H         LINE#         14
  C:080AH         LINE#         15
  C:0818H         LINE#         16
  C:081FH         LINE#         17
  -------         ENDPROC       _MSDELAY
  -------         PROC          MAIN
  C:0820H         LINE#         18
  C:0820H         LINE#         19
  C:0820H         LINE#         20
  C:0823H         LINE#         21
  C:082AH         LINE#         22
  C:082DH         LINE#         23
  C:0830H         LINE#         24
  -------         ENDPROC       MAIN
  -------         ENDMOD        LEDBLINK

******************************************************************************
* RESTRICTED VERSION WITH 0800H BYTE CODE SIZE LIMIT; USED: 0032H BYTE ( 2%) *
******************************************************************************

Program Size: data=9.0 xdata=0 code=65
LINK/LOCATE RUN COMPLETE.  0 WARNING(S),  0 ERROR(S)
