BL51 BANKED LINKER/LOCATER V6.22.4.0                                                    08/21/2023  19:14:07  PAGE 1


BL51 BANKED LINKER/LOCATER V6.22.4.0, INVOKED BY:
C:\KEIL_V5\C51\BIN\BL51.EXE .\Objects\over.obj TO .\Objects\test1 PRINT (.\Listings\test1.m51) RAMSIZE (256)


INPUT MODULES INCLUDED:
  .\Objects\over.obj (OVER)


LINK MAP OF MODULE:  .\Objects\test1 (OVER)


            TYPE    BASE      LENGTH    RELOCATION   SEGMENT NAME
            -----------------------------------------------------

            * * * * * * *   D A T A   M E M O R Y   * * * * * * *
            REG     0000H     0008H     ABSOLUTE     "REG BANK 0"

            * * * * * * *   C O D E   M E M O R Y   * * * * * * *
            CODE    0000H     000CH     ABSOLUTE     



SYMBOL TABLE OF MODULE:  .\Objects\test1 (OVER)

  VALUE           TYPE          NAME
  ----------------------------------

  -------         MODULE        OVER
  C:0006H         SYMBOL        LABEL1
  C:0000H         LINE#         2
  C:0002H         LINE#         3
  C:0004H         LINE#         4
  C:0006H         LINE#         6
  C:0007H         LINE#         7
  C:0008H         LINE#         8
  C:0009H         LINE#         9
  C:000AH         LINE#         10
  -------         ENDMOD        OVER

******************************************************************************
* RESTRICTED VERSION WITH 0800H BYTE CODE SIZE LIMIT; USED: 000CH BYTE ( 0%) *
******************************************************************************

Program Size: data=8.0 xdata=0 code=12
LINK/LOCATE RUN COMPLETE.  0 WARNING(S),  0 ERROR(S)
